Archive member included to satisfy reference by file (symbol)

c:/program files (x86)/atmel/studio/7.0/toolchain/avr8/avr8-gnu-toolchain/bin/../lib/gcc/avr/5.4.0/avr4\libgcc.a(_exit.o)
                              C:/Program Files (x86)/Atmel/Studio/7.0/Packs/atmel/ATmega_DFP/1.6.364/gcc/dev/atmega8a/avr4/crtatmega8a.o (exit)
c:/program files (x86)/atmel/studio/7.0/toolchain/avr8/avr8-gnu-toolchain/bin/../lib/gcc/avr/5.4.0/avr4\libgcc.a(_copy_data.o)
                              main.o (__do_copy_data)
c:/program files (x86)/atmel/studio/7.0/toolchain/avr8/avr8-gnu-toolchain/bin/../lib/gcc/avr/5.4.0/avr4\libgcc.a(_clear_bss.o)
                              main.o (__do_clear_bss)
c:/program files (x86)/atmel/studio/7.0/toolchain/avr8/avr8-gnu-toolchain/bin/../lib/gcc/avr/5.4.0/../../../../avr/lib/avr4\libc.a(malloc.o)
                              HD44780.o (malloc)

Allocating common symbols
Common symbol       size              file

__brkval            0x2               c:/program files (x86)/atmel/studio/7.0/toolchain/avr8/avr8-gnu-toolchain/bin/../lib/gcc/avr/5.4.0/../../../../avr/lib/avr4\libc.a(malloc.o)
__flp               0x2               c:/program files (x86)/atmel/studio/7.0/toolchain/avr8/avr8-gnu-toolchain/bin/../lib/gcc/avr/5.4.0/../../../../avr/lib/avr4\libc.a(malloc.o)

Discarded input sections

 .data          0x00000000        0x0 C:/Program Files (x86)/Atmel/Studio/7.0/Packs/atmel/ATmega_DFP/1.6.364/gcc/dev/atmega8a/avr4/crtatmega8a.o
 .bss           0x00000000        0x0 C:/Program Files (x86)/Atmel/Studio/7.0/Packs/atmel/ATmega_DFP/1.6.364/gcc/dev/atmega8a/avr4/crtatmega8a.o
 .text          0x00000000        0x0 HD44780.o
 .data          0x00000000        0x0 HD44780.o
 .bss           0x00000000        0x0 HD44780.o
 .text._ZN7HD4478017ClearSelectedAreaEhhh
                0x00000000       0x2e HD44780.o
 .text._ZN7HD4478012InsertSymbolEhPKc
                0x00000000       0x46 HD44780.o
 .text._ZN7HD4478022PrintTextWithAlignmentEPKch9Alignment
                0x00000000       0x4c HD44780.o
 .text._ZN7HD44780D2Ev
                0x00000000        0x2 HD44780.o
 .text._ZN7HD44780dlEPv
                0x00000000        0x8 HD44780.o
 .text          0x00000000        0x0 main.o
 .data          0x00000000        0x0 main.o
 .bss           0x00000000        0x0 main.o
 .avr.prop      0x00000000       0x16 main.o
 .text          0x00000000        0x0 MatrixKeyboard.o
 .data          0x00000000        0x0 MatrixKeyboard.o
 .bss           0x00000000        0x0 MatrixKeyboard.o
 .text._ZN14MatrixKeyboardD2Ev
                0x00000000       0x6a MatrixKeyboard.o
 .text._ZN14MatrixKeyboarddlEPv
                0x00000000        0x8 MatrixKeyboard.o
 .text          0x00000000        0x0 Port.o
 .data          0x00000000        0x0 Port.o
 .bss           0x00000000        0x0 Port.o
 .text._ZN4PortD2Ev
                0x00000000        0x2 Port.o
 .text._ZN4PortdlEPv
                0x00000000        0x8 Port.o
 .text          0x00000000        0x0 c:/program files (x86)/atmel/studio/7.0/toolchain/avr8/avr8-gnu-toolchain/bin/../lib/gcc/avr/5.4.0/avr4\libgcc.a(_exit.o)
 .data          0x00000000        0x0 c:/program files (x86)/atmel/studio/7.0/toolchain/avr8/avr8-gnu-toolchain/bin/../lib/gcc/avr/5.4.0/avr4\libgcc.a(_exit.o)
 .bss           0x00000000        0x0 c:/program files (x86)/atmel/studio/7.0/toolchain/avr8/avr8-gnu-toolchain/bin/../lib/gcc/avr/5.4.0/avr4\libgcc.a(_exit.o)
 .text.libgcc.mul
                0x00000000        0x0 c:/program files (x86)/atmel/studio/7.0/toolchain/avr8/avr8-gnu-toolchain/bin/../lib/gcc/avr/5.4.0/avr4\libgcc.a(_exit.o)
 .text.libgcc.div
                0x00000000        0x0 c:/program files (x86)/atmel/studio/7.0/toolchain/avr8/avr8-gnu-toolchain/bin/../lib/gcc/avr/5.4.0/avr4\libgcc.a(_exit.o)
 .text.libgcc   0x00000000        0x0 c:/program files (x86)/atmel/studio/7.0/toolchain/avr8/avr8-gnu-toolchain/bin/../lib/gcc/avr/5.4.0/avr4\libgcc.a(_exit.o)
 .text.libgcc.prologue
                0x00000000        0x0 c:/program files (x86)/atmel/studio/7.0/toolchain/avr8/avr8-gnu-toolchain/bin/../lib/gcc/avr/5.4.0/avr4\libgcc.a(_exit.o)
 .text.libgcc.builtins
                0x00000000        0x0 c:/program files (x86)/atmel/studio/7.0/toolchain/avr8/avr8-gnu-toolchain/bin/../lib/gcc/avr/5.4.0/avr4\libgcc.a(_exit.o)
 .text.libgcc.fmul
                0x00000000        0x0 c:/program files (x86)/atmel/studio/7.0/toolchain/avr8/avr8-gnu-toolchain/bin/../lib/gcc/avr/5.4.0/avr4\libgcc.a(_exit.o)
 .text.libgcc.fixed
                0x00000000        0x0 c:/program files (x86)/atmel/studio/7.0/toolchain/avr8/avr8-gnu-toolchain/bin/../lib/gcc/avr/5.4.0/avr4\libgcc.a(_exit.o)
 .text          0x00000000        0x0 c:/program files (x86)/atmel/studio/7.0/toolchain/avr8/avr8-gnu-toolchain/bin/../lib/gcc/avr/5.4.0/avr4\libgcc.a(_copy_data.o)
 .data          0x00000000        0x0 c:/program files (x86)/atmel/studio/7.0/toolchain/avr8/avr8-gnu-toolchain/bin/../lib/gcc/avr/5.4.0/avr4\libgcc.a(_copy_data.o)
 .bss           0x00000000        0x0 c:/program files (x86)/atmel/studio/7.0/toolchain/avr8/avr8-gnu-toolchain/bin/../lib/gcc/avr/5.4.0/avr4\libgcc.a(_copy_data.o)
 .text.libgcc.mul
                0x00000000        0x0 c:/program files (x86)/atmel/studio/7.0/toolchain/avr8/avr8-gnu-toolchain/bin/../lib/gcc/avr/5.4.0/avr4\libgcc.a(_copy_data.o)
 .text.libgcc.div
                0x00000000        0x0 c:/program files (x86)/atmel/studio/7.0/toolchain/avr8/avr8-gnu-toolchain/bin/../lib/gcc/avr/5.4.0/avr4\libgcc.a(_copy_data.o)
 .text.libgcc   0x00000000        0x0 c:/program files (x86)/atmel/studio/7.0/toolchain/avr8/avr8-gnu-toolchain/bin/../lib/gcc/avr/5.4.0/avr4\libgcc.a(_copy_data.o)
 .text.libgcc.prologue
                0x00000000        0x0 c:/program files (x86)/atmel/studio/7.0/toolchain/avr8/avr8-gnu-toolchain/bin/../lib/gcc/avr/5.4.0/avr4\libgcc.a(_copy_data.o)
 .text.libgcc.builtins
                0x00000000        0x0 c:/program files (x86)/atmel/studio/7.0/toolchain/avr8/avr8-gnu-toolchain/bin/../lib/gcc/avr/5.4.0/avr4\libgcc.a(_copy_data.o)
 .text.libgcc.fmul
                0x00000000        0x0 c:/program files (x86)/atmel/studio/7.0/toolchain/avr8/avr8-gnu-toolchain/bin/../lib/gcc/avr/5.4.0/avr4\libgcc.a(_copy_data.o)
 .text.libgcc.fixed
                0x00000000        0x0 c:/program files (x86)/atmel/studio/7.0/toolchain/avr8/avr8-gnu-toolchain/bin/../lib/gcc/avr/5.4.0/avr4\libgcc.a(_copy_data.o)
 .text          0x00000000        0x0 c:/program files (x86)/atmel/studio/7.0/toolchain/avr8/avr8-gnu-toolchain/bin/../lib/gcc/avr/5.4.0/avr4\libgcc.a(_clear_bss.o)
 .data          0x00000000        0x0 c:/program files (x86)/atmel/studio/7.0/toolchain/avr8/avr8-gnu-toolchain/bin/../lib/gcc/avr/5.4.0/avr4\libgcc.a(_clear_bss.o)
 .bss           0x00000000        0x0 c:/program files (x86)/atmel/studio/7.0/toolchain/avr8/avr8-gnu-toolchain/bin/../lib/gcc/avr/5.4.0/avr4\libgcc.a(_clear_bss.o)
 .text.libgcc.mul
                0x00000000        0x0 c:/program files (x86)/atmel/studio/7.0/toolchain/avr8/avr8-gnu-toolchain/bin/../lib/gcc/avr/5.4.0/avr4\libgcc.a(_clear_bss.o)
 .text.libgcc.div
                0x00000000        0x0 c:/program files (x86)/atmel/studio/7.0/toolchain/avr8/avr8-gnu-toolchain/bin/../lib/gcc/avr/5.4.0/avr4\libgcc.a(_clear_bss.o)
 .text.libgcc   0x00000000        0x0 c:/program files (x86)/atmel/studio/7.0/toolchain/avr8/avr8-gnu-toolchain/bin/../lib/gcc/avr/5.4.0/avr4\libgcc.a(_clear_bss.o)
 .text.libgcc.prologue
                0x00000000        0x0 c:/program files (x86)/atmel/studio/7.0/toolchain/avr8/avr8-gnu-toolchain/bin/../lib/gcc/avr/5.4.0/avr4\libgcc.a(_clear_bss.o)
 .text.libgcc.builtins
                0x00000000        0x0 c:/program files (x86)/atmel/studio/7.0/toolchain/avr8/avr8-gnu-toolchain/bin/../lib/gcc/avr/5.4.0/avr4\libgcc.a(_clear_bss.o)
 .text.libgcc.fmul
                0x00000000        0x0 c:/program files (x86)/atmel/studio/7.0/toolchain/avr8/avr8-gnu-toolchain/bin/../lib/gcc/avr/5.4.0/avr4\libgcc.a(_clear_bss.o)
 .text.libgcc.fixed
                0x00000000        0x0 c:/program files (x86)/atmel/studio/7.0/toolchain/avr8/avr8-gnu-toolchain/bin/../lib/gcc/avr/5.4.0/avr4\libgcc.a(_clear_bss.o)
 .text          0x00000000        0x0 c:/program files (x86)/atmel/studio/7.0/toolchain/avr8/avr8-gnu-toolchain/bin/../lib/gcc/avr/5.4.0/../../../../avr/lib/avr4\libc.a(malloc.o)
 .bss           0x00000000        0x0 c:/program files (x86)/atmel/studio/7.0/toolchain/avr8/avr8-gnu-toolchain/bin/../lib/gcc/avr/5.4.0/../../../../avr/lib/avr4\libc.a(malloc.o)

Memory Configuration

Name             Origin             Length             Attributes
text             0x00000000         0x00002000         xr
data             0x00800060         0x00000400         rw !x
eeprom           0x00810000         0x00000200         rw !x
fuse             0x00820000         0x00000002         rw !x
lock             0x00830000         0x00000400         rw !x
signature        0x00840000         0x00000400         rw !x
user_signatures  0x00850000         0x00000400         rw !x
*default*        0x00000000         0xffffffff

Linker script and memory map

LOAD C:/Program Files (x86)/Atmel/Studio/7.0/Packs/atmel/ATmega_DFP/1.6.364/gcc/dev/atmega8a/avr4/crtatmega8a.o
LOAD HD44780.o
LOAD main.o
LOAD MatrixKeyboard.o
LOAD Port.o
START GROUP
LOAD c:/program files (x86)/atmel/studio/7.0/toolchain/avr8/avr8-gnu-toolchain/bin/../lib/gcc/avr/5.4.0/../../../../avr/lib/avr4\libm.a
END GROUP
LOAD c:/program files (x86)/atmel/studio/7.0/toolchain/avr8/avr8-gnu-toolchain/bin/../lib/gcc/avr/5.4.0/avr4\libgcc.a
LOAD c:/program files (x86)/atmel/studio/7.0/toolchain/avr8/avr8-gnu-toolchain/bin/../lib/gcc/avr/5.4.0/../../../../avr/lib/avr4\libm.a
START GROUP
LOAD c:/program files (x86)/atmel/studio/7.0/toolchain/avr8/avr8-gnu-toolchain/bin/../lib/gcc/avr/5.4.0/avr4\libgcc.a
LOAD c:/program files (x86)/atmel/studio/7.0/toolchain/avr8/avr8-gnu-toolchain/bin/../lib/gcc/avr/5.4.0/../../../../avr/lib/avr4\libm.a
LOAD c:/program files (x86)/atmel/studio/7.0/toolchain/avr8/avr8-gnu-toolchain/bin/../lib/gcc/avr/5.4.0/../../../../avr/lib/avr4\libc.a
LOAD C:/Program Files (x86)/Atmel/Studio/7.0/Packs/atmel/ATmega_DFP/1.6.364/gcc/dev/atmega8a/avr4\libatmega8a.a
END GROUP
                [0x00000000]                __TEXT_REGION_ORIGIN__ = DEFINED (__TEXT_REGION_ORIGIN__)?__TEXT_REGION_ORIGIN__:0x0
                [0x00800060]                __DATA_REGION_ORIGIN__ = DEFINED (__DATA_REGION_ORIGIN__)?__DATA_REGION_ORIGIN__:0x800060
                [0x00002000]                __TEXT_REGION_LENGTH__ = DEFINED (__TEXT_REGION_LENGTH__)?__TEXT_REGION_LENGTH__:0x2000
                [0x00000400]                __DATA_REGION_LENGTH__ = DEFINED (__DATA_REGION_LENGTH__)?__DATA_REGION_LENGTH__:0xffa0
                [0x00000200]                __EEPROM_REGION_LENGTH__ = DEFINED (__EEPROM_REGION_LENGTH__)?__EEPROM_REGION_LENGTH__:0x10000
                [0x00000002]                __FUSE_REGION_LENGTH__ = DEFINED (__FUSE_REGION_LENGTH__)?__FUSE_REGION_LENGTH__:0x400
                0x00000400                __LOCK_REGION_LENGTH__ = DEFINED (__LOCK_REGION_LENGTH__)?__LOCK_REGION_LENGTH__:0x400
                0x00000400                __SIGNATURE_REGION_LENGTH__ = DEFINED (__SIGNATURE_REGION_LENGTH__)?__SIGNATURE_REGION_LENGTH__:0x400
                0x00000400                __USER_SIGNATURE_REGION_LENGTH__ = DEFINED (__USER_SIGNATURE_REGION_LENGTH__)?__USER_SIGNATURE_REGION_LENGTH__:0x400

.hash
 *(.hash)

.dynsym
 *(.dynsym)

.dynstr
 *(.dynstr)

.gnu.version
 *(.gnu.version)

.gnu.version_d
 *(.gnu.version_d)

.gnu.version_r
 *(.gnu.version_r)

.rel.init
 *(.rel.init)

.rela.init
 *(.rela.init)

.rel.text
 *(.rel.text)
 *(.rel.text.*)
 *(.rel.gnu.linkonce.t*)

.rela.text
 *(.rela.text)
 *(.rela.text.*)
 *(.rela.gnu.linkonce.t*)

.rel.fini
 *(.rel.fini)

.rela.fini
 *(.rela.fini)

.rel.rodata
 *(.rel.rodata)
 *(.rel.rodata.*)
 *(.rel.gnu.linkonce.r*)

.rela.rodata
 *(.rela.rodata)
 *(.rela.rodata.*)
 *(.rela.gnu.linkonce.r*)

.rel.data
 *(.rel.data)
 *(.rel.data.*)
 *(.rel.gnu.linkonce.d*)

.rela.data
 *(.rela.data)
 *(.rela.data.*)
 *(.rela.gnu.linkonce.d*)

.rel.ctors
 *(.rel.ctors)

.rela.ctors
 *(.rela.ctors)

.rel.dtors
 *(.rel.dtors)

.rela.dtors
 *(.rela.dtors)

.rel.got
 *(.rel.got)

.rela.got
 *(.rela.got)

.rel.bss
 *(.rel.bss)

.rela.bss
 *(.rela.bss)

.rel.plt
 *(.rel.plt)

.rela.plt
 *(.rela.plt)

.text           0x00000000      0xb44
 *(.vectors)
 .vectors       0x00000000       0x26 C:/Program Files (x86)/Atmel/Studio/7.0/Packs/atmel/ATmega_DFP/1.6.364/gcc/dev/atmega8a/avr4/crtatmega8a.o
                0x00000000                __vector_default
                0x00000000                __vectors
 *(.vectors)
 *(.progmem.gcc*)
 .progmem.gcc_sw_table.main
                0x00000026       0x18 main.o
                0x0000003e                . = ALIGN (0x2)
                0x0000003e                __trampolines_start = .
 *(.trampolines)
 .trampolines   0x0000003e        0x0 linker stubs
 *(.trampolines*)
                0x0000003e                __trampolines_end = .
 *libprintf_flt.a:*(.progmem.data)
 *libc.a:*(.progmem.data)
 *(.progmem*)
                0x0000003e                . = ALIGN (0x2)
 *(.jumptables)
 *(.jumptables*)
 *(.lowtext)
 *(.lowtext*)
                0x0000003e                __ctors_start = .
 *(.ctors)
                0x0000003e                __ctors_end = .
                0x0000003e                __dtors_start = .
 *(.dtors)
                0x0000003e                __dtors_end = .
 SORT(*)(.ctors)
 SORT(*)(.dtors)
 *(.init0)
 .init0         0x0000003e        0x0 C:/Program Files (x86)/Atmel/Studio/7.0/Packs/atmel/ATmega_DFP/1.6.364/gcc/dev/atmega8a/avr4/crtatmega8a.o
                0x0000003e                __init
 *(.init0)
 *(.init1)
 *(.init1)
 *(.init2)
 .init2         0x0000003e        0xc C:/Program Files (x86)/Atmel/Studio/7.0/Packs/atmel/ATmega_DFP/1.6.364/gcc/dev/atmega8a/avr4/crtatmega8a.o
 *(.init2)
 *(.init3)
 *(.init3)
 *(.init4)
 .init4         0x0000004a       0x16 c:/program files (x86)/atmel/studio/7.0/toolchain/avr8/avr8-gnu-toolchain/bin/../lib/gcc/avr/5.4.0/avr4\libgcc.a(_copy_data.o)
                0x0000004a                __do_copy_data
 .init4         0x00000060       0x10 c:/program files (x86)/atmel/studio/7.0/toolchain/avr8/avr8-gnu-toolchain/bin/../lib/gcc/avr/5.4.0/avr4\libgcc.a(_clear_bss.o)
                0x00000060                __do_clear_bss
 *(.init4)
 *(.init5)
 *(.init5)
 *(.init6)
 *(.init6)
 *(.init7)
 *(.init7)
 *(.init8)
 *(.init8)
 *(.init9)
 .init9         0x00000070        0x4 C:/Program Files (x86)/Atmel/Studio/7.0/Packs/atmel/ATmega_DFP/1.6.364/gcc/dev/atmega8a/avr4/crtatmega8a.o
 *(.init9)
 *(.text)
 .text          0x00000074        0x2 C:/Program Files (x86)/Atmel/Studio/7.0/Packs/atmel/ATmega_DFP/1.6.364/gcc/dev/atmega8a/avr4/crtatmega8a.o
                0x00000074                __vector_1
                0x00000074                __vector_12
                0x00000074                __bad_interrupt
                0x00000074                __vector_6
                0x00000074                __vector_3
                0x00000074                __vector_11
                0x00000074                __vector_13
                0x00000074                __vector_17
                0x00000074                __vector_7
                0x00000074                __vector_5
                0x00000074                __vector_4
                0x00000074                __vector_2
                0x00000074                __vector_15
                0x00000074                __vector_8
                0x00000074                __vector_14
                0x00000074                __vector_10
                0x00000074                __vector_16
                0x00000074                __vector_18
                0x00000076                . = ALIGN (0x2)
 *(.text.*)
 .text._ZN7HD4478012SelectDeviceEv
                0x00000076        0xa HD44780.o
                0x00000076                _ZN7HD4478012SelectDeviceEv
 .text._ZN7HD447809LatchDataEv
                0x00000080        0xa HD44780.o
                0x00000080                _ZN7HD447809LatchDataEv
 .text._ZN7HD447804WaitEv
                0x0000008a       0x9e HD44780.o
                0x0000008a                _ZN7HD447804WaitEv
 .text._ZN7HD447808SendByteEc8DataType
                0x00000128       0xaa HD44780.o
                0x00000128                _ZN7HD447808SendByteEc8DataType
 .text._ZN7HD4478017SetCursorPositionEhh
                0x000001d2       0x1c HD44780.o
                0x000001d2                _ZN7HD4478017SetCursorPositionEhh
 .text._ZN7HD447802OnEv
                0x000001ee        0x8 HD44780.o
                0x000001ee                _ZN7HD447802OnEv
 .text._ZN7HD447803OffEv
                0x000001f6        0x8 HD44780.o
                0x000001f6                _ZN7HD447803OffEv
 .text._ZN7HD447805ClearEv
                0x000001fe        0x8 HD44780.o
                0x000001fe                _ZN7HD447805ClearEv
 .text._ZN7HD44780C2EP4PortS1_S1_S1_S1_S1_S1_h
                0x00000206      0x122 HD44780.o
                0x00000206                _ZN7HD44780C2EP4PortS1_S1_S1_S1_S1_S1_h
                0x00000206                _ZN7HD44780C1EP4PortS1_S1_S1_S1_S1_S1_h
 .text._ZN7HD447809PrintTextEPKchh
                0x00000328       0x2c HD44780.o
                0x00000328                _ZN7HD447809PrintTextEPKchh
 .text._ZN7HD44780nwEj
                0x00000354       0x14 HD44780.o
                0x00000354                _ZN7HD44780nwEj
 .text.__vector_9
                0x00000368       0x26 main.o
                0x00000368                __vector_9
 .text.main     0x0000038e      0x28a main.o
                0x0000038e                main
 .text._ZN14MatrixKeyboard7SetRowsEv
                0x00000618       0x2c MatrixKeyboard.o
                0x00000618                _ZN14MatrixKeyboard7SetRowsEv
 .text._ZN14MatrixKeyboardC2EP4PortS1_S1_S1_S1_S1_S1_
                0x00000644       0x92 MatrixKeyboard.o
                0x00000644                _ZN14MatrixKeyboardC1EP4PortS1_S1_S1_S1_S1_S1_
                0x00000644                _ZN14MatrixKeyboardC2EP4PortS1_S1_S1_S1_S1_S1_
 .text._ZN14MatrixKeyboard19SearchPressedButtonEh
                0x000006d6       0x54 MatrixKeyboard.o
                0x000006d6                _ZN14MatrixKeyboard19SearchPressedButtonEh
 .text._ZN14MatrixKeyboard15ButtonIsPressedEv
                0x0000072a       0x90 MatrixKeyboard.o
                0x0000072a                _ZN14MatrixKeyboard15ButtonIsPressedEv
 .text._ZN14MatrixKeyboard16GetPressedButtonEv
                0x000007ba       0x18 MatrixKeyboard.o
                0x000007ba                _ZN14MatrixKeyboard16GetPressedButtonEv
 .text._ZN14MatrixKeyboardnwEj
                0x000007d2       0x14 MatrixKeyboard.o
                0x000007d2                _ZN14MatrixKeyboardnwEj
 .text._ZN4Port10SetAsInputEv
                0x000007e6       0x2a Port.o
                0x000007e6                _ZN4Port10SetAsInputEv
 .text._ZN4Port11SetAsOutputEv
                0x00000810       0x26 Port.o
                0x00000810                _ZN4Port11SetAsOutputEv
 .text._ZN4Port3SetEv
                0x00000836       0x24 Port.o
                0x00000836                _ZN4Port3SetEv
 .text._ZN4Port5ClearEv
                0x0000085a       0x28 Port.o
                0x0000085a                _ZN4Port5ClearEv
 .text._ZN4PortC2EPVhS1_S1_h
                0x00000882       0x24 Port.o
                0x00000882                _ZN4PortC1EPVhS1_S1_h
                0x00000882                _ZN4PortC2EPVhS1_S1_h
 .text._ZN4Port5IsSetEv
                0x000008a6       0x24 Port.o
                0x000008a6                _ZN4Port5IsSetEv
 .text._ZN4Port7IsClearEv
                0x000008ca       0x20 Port.o
                0x000008ca                _ZN4Port7IsClearEv
 .text._ZN4PortnwEj
                0x000008ea       0x14 Port.o
                0x000008ea                _ZN4PortnwEj
 .text.avr-libc
                0x000008fe      0x242 c:/program files (x86)/atmel/studio/7.0/toolchain/avr8/avr8-gnu-toolchain/bin/../lib/gcc/avr/5.4.0/../../../../avr/lib/avr4\libc.a(malloc.o)
                0x000008fe                malloc
                0x00000a2e                free
                0x00000b40                . = ALIGN (0x2)
 *(.fini9)
 .fini9         0x00000b40        0x0 c:/program files (x86)/atmel/studio/7.0/toolchain/avr8/avr8-gnu-toolchain/bin/../lib/gcc/avr/5.4.0/avr4\libgcc.a(_exit.o)
                0x00000b40                _exit
                0x00000b40                exit
 *(.fini9)
 *(.fini8)
 *(.fini8)
 *(.fini7)
 *(.fini7)
 *(.fini6)
 *(.fini6)
 *(.fini5)
 *(.fini5)
 *(.fini4)
 *(.fini4)
 *(.fini3)
 *(.fini3)
 *(.fini2)
 *(.fini2)
 *(.fini1)
 *(.fini1)
 *(.fini0)
 .fini0         0x00000b40        0x4 c:/program files (x86)/atmel/studio/7.0/toolchain/avr8/avr8-gnu-toolchain/bin/../lib/gcc/avr/5.4.0/avr4\libgcc.a(_exit.o)
 *(.fini0)
                0x00000b44                _etext = .

.data           0x00800060       0x1e load address 0x00000b44
                0x00800060                PROVIDE (__data_start, .)
 *(.data)
 .data          0x00800060        0x6 c:/program files (x86)/atmel/studio/7.0/toolchain/avr8/avr8-gnu-toolchain/bin/../lib/gcc/avr/5.4.0/../../../../avr/lib/avr4\libc.a(malloc.o)
                0x00800060                __malloc_heap_end
                0x00800062                __malloc_heap_start
                0x00800064                __malloc_margin
 *(.data*)
 *(.gnu.linkonce.d*)
 *(.rodata)
 *(.rodata*)
 .rodata.str1.1
                0x00800066       0x18 main.o
 *(.gnu.linkonce.r*)
                0x0080007e                . = ALIGN (0x2)
                0x0080007e                _edata = .
                0x0080007e                PROVIDE (__data_end, .)

.bss            0x0080007e        0x5
                0x0080007e                PROVIDE (__bss_start, .)
 *(.bss)
 *(.bss*)
 .bss.allowCheckKeyboard
                0x0080007e        0x1 main.o
                0x0080007e                allowCheckKeyboard
 *(COMMON)
 COMMON         0x0080007f        0x4 c:/program files (x86)/atmel/studio/7.0/toolchain/avr8/avr8-gnu-toolchain/bin/../lib/gcc/avr/5.4.0/../../../../avr/lib/avr4\libc.a(malloc.o)
                0x0080007f                __brkval
                0x00800081                __flp
                0x00800083                PROVIDE (__bss_end, .)
                0x00000b44                __data_load_start = LOADADDR (.data)
                0x00000b62                __data_load_end = (__data_load_start + SIZEOF (.data))

.noinit         0x00800083        0x0
                [!provide]                PROVIDE (__noinit_start, .)
 *(.noinit*)
                [!provide]                PROVIDE (__noinit_end, .)
                0x00800083                _end = .
                0x00800083                PROVIDE (__heap_start, .)

.eeprom         0x00810000        0x0
 *(.eeprom*)
                0x00810000                __eeprom_end = .

.fuse
 *(.fuse)
 *(.lfuse)
 *(.hfuse)
 *(.efuse)

.lock
 *(.lock*)

.signature
 *(.signature*)

.user_signatures
 *(.user_signatures*)

.stab
 *(.stab)

.stabstr
 *(.stabstr)

.stab.excl
 *(.stab.excl)

.stab.exclstr
 *(.stab.exclstr)

.stab.index
 *(.stab.index)

.stab.indexstr
 *(.stab.indexstr)

.comment        0x00000000       0x30
 *(.comment)
 .comment       0x00000000       0x30 HD44780.o
                                 0x31 (size before relaxing)
 .comment       0x00000030       0x31 main.o
 .comment       0x00000030       0x31 MatrixKeyboard.o
 .comment       0x00000030       0x31 Port.o
 .comment       0x00000030       0x31 c:/program files (x86)/atmel/studio/7.0/toolchain/avr8/avr8-gnu-toolchain/bin/../lib/gcc/avr/5.4.0/../../../../avr/lib/avr4\libc.a(malloc.o)

.note.gnu.avr.deviceinfo
                0x00000000       0x3c
 .note.gnu.avr.deviceinfo
                0x00000000       0x3c C:/Program Files (x86)/Atmel/Studio/7.0/Packs/atmel/ATmega_DFP/1.6.364/gcc/dev/atmega8a/avr4/crtatmega8a.o

.note.gnu.build-id
 *(.note.gnu.build-id)

.debug
 *(.debug)

.line
 *(.line)

.debug_srcinfo
 *(.debug_srcinfo)

.debug_sfnames
 *(.debug_sfnames)

.debug_aranges  0x00000000      0x180
 *(.debug_aranges)
 .debug_aranges
                0x00000000       0x98 HD44780.o
 .debug_aranges
                0x00000098       0x28 main.o
 .debug_aranges
                0x000000c0       0x58 MatrixKeyboard.o
 .debug_aranges
                0x00000118       0x68 Port.o

.debug_pubnames
 *(.debug_pubnames)

.debug_info     0x00000000     0x31db
 *(.debug_info .gnu.linkonce.wi.*)
 .debug_info    0x00000000      0x48c C:/Program Files (x86)/Atmel/Studio/7.0/Packs/atmel/ATmega_DFP/1.6.364/gcc/dev/atmega8a/avr4/crtatmega8a.o
 .debug_info    0x0000048c      0xfed HD44780.o
 .debug_info    0x00001479     0x106f main.o
 .debug_info    0x000024e8      0x822 MatrixKeyboard.o
 .debug_info    0x00002d0a      0x4d1 Port.o

.debug_abbrev   0x00000000      0xf19
 *(.debug_abbrev)
 .debug_abbrev  0x00000000      0x44e C:/Program Files (x86)/Atmel/Studio/7.0/Packs/atmel/ATmega_DFP/1.6.364/gcc/dev/atmega8a/avr4/crtatmega8a.o
 .debug_abbrev  0x0000044e      0x34d HD44780.o
 .debug_abbrev  0x0000079b      0x261 main.o
 .debug_abbrev  0x000009fc      0x2ef MatrixKeyboard.o
 .debug_abbrev  0x00000ceb      0x22e Port.o

.debug_line     0x00000000      0xfa5
 *(.debug_line .debug_line.* .debug_line_end)
 .debug_line    0x00000000      0x10a C:/Program Files (x86)/Atmel/Studio/7.0/Packs/atmel/ATmega_DFP/1.6.364/gcc/dev/atmega8a/avr4/crtatmega8a.o
 .debug_line    0x0000010a      0x5fe HD44780.o
 .debug_line    0x00000708      0x23e main.o
 .debug_line    0x00000946      0x42b MatrixKeyboard.o
 .debug_line    0x00000d71      0x234 Port.o

.debug_frame    0x00000000      0x440
 *(.debug_frame)
 .debug_frame   0x00000000      0x1e4 HD44780.o
 .debug_frame   0x000001e4       0x54 main.o
 .debug_frame   0x00000238      0x138 MatrixKeyboard.o
 .debug_frame   0x00000370       0xd0 Port.o

.debug_str      0x00000000      0xa8a
 *(.debug_str)
 .debug_str     0x00000000      0x17a C:/Program Files (x86)/Atmel/Studio/7.0/Packs/atmel/ATmega_DFP/1.6.364/gcc/dev/atmega8a/avr4/crtatmega8a.o
 .debug_str     0x0000017a      0x63d HD44780.o
                                0x6a1 (size before relaxing)
 .debug_str     0x000007b7      0x1f5 main.o
                                0x776 (size before relaxing)
 .debug_str     0x000009ac       0xad MatrixKeyboard.o
                                0x55d (size before relaxing)
 .debug_str     0x00000a59       0x31 Port.o
                                0x31d (size before relaxing)

.debug_loc      0x00000000     0x157e
 *(.debug_loc)
 .debug_loc     0x00000000      0xbdd HD44780.o
 .debug_loc     0x00000bdd      0x128 main.o
 .debug_loc     0x00000d05      0x5f9 MatrixKeyboard.o
 .debug_loc     0x000012fe      0x280 Port.o

.debug_macinfo
 *(.debug_macinfo)

.debug_weaknames
 *(.debug_weaknames)

.debug_funcnames
 *(.debug_funcnames)

.debug_typenames
 *(.debug_typenames)

.debug_varnames
 *(.debug_varnames)

.debug_pubtypes
 *(.debug_pubtypes)

.debug_ranges   0x00000000      0x158
 *(.debug_ranges)
 .debug_ranges  0x00000000       0x88 HD44780.o
 .debug_ranges  0x00000088       0x18 main.o
 .debug_ranges  0x000000a0       0x60 MatrixKeyboard.o
 .debug_ranges  0x00000100       0x58 Port.o

.debug_macro
 *(.debug_macro)
OUTPUT(MatrixKeyboard_Example.elf elf32-avr)
LOAD linker stubs
